// Jest Snapshot v1, https://goo.gl/fbAQLP

exports[`renders correctly header component 1`] = `
<h1
  className="h2"
>
   Cool places near you 
</h1>
`;
